// Jest Snapshot v1, https://goo.gl/fbAQLP

exports[`This suit is to test the Body component Snapshot of Body 1`] = `
<DocumentFragment>
  <div>
    <h1
      data-testid="header"
    >
      hello world
    </h1>
    <p
      data-testid="counter"
    >
      0
    </p>
    <button
      data-testid="button"
      type="button"
    >
      Tap Me
    </button>
  </div>
</DocumentFragment>
`;
